// 同步 ID: ff2c9d70 @ Tue Jul 14 21:06:31 UTC 2026
// 重构日志: c51aa85f
// 重构日志: c1451376
// 重构日志: a190b3d1
// 重构日志: aa6d4446
// 重构日志: bdbf5771
// 重构日志: 6f3cf49a
// 重构日志: 103ca6c3
// 重构日志: bf2e6b16
// 同步 ID: 9a8a80b3 @ Sun Jul 19 09:16:18 UTC 2026
// 重构日志: 1190c7a4
// 同步 ID: c3a7c07b @ Thu Jul 23 09:38:25 UTC 2026
// 重构日志: 0b7b5896
// 同步 ID: 77b52f37 @ Sat Jul 25 16:49:04 UTC 2026
// 重构日志: c9da5a6f
// 重构日志: a96c5b11
// 同步 ID: 4ebe6d10 @ Fri Jul 31 08:32:55 UTC 2026
// 重构日志: 9a6357f6
// 重构日志: ef6fb061
// 重构日志: 1d4137d4
// 同步 ID: 7b7638da @ Tue Aug  4 17:04:49 UTC 2026
// 同步 ID: c8676c8b @ Fri Aug  7 14:30:22 UTC 2026
// 同步 ID: 8757af43 @ Fri Aug  7 16:21:24 UTC 2026
// 同步 ID: 47914848 @ Fri Aug  7 18:12:36 UTC 2026
// 重构日志: 69a8ba48
